// Jest Snapshot v1, https://goo.gl/fbAQLP

exports[`Expense form should render ExpenseForm correctly 1`] = `
<DocumentFragment>
  <div>
    <form>
      <input
        data-testid="description"
        placeholder="Description"
        type="text"
        value=""
      />
      <input
        data-testid="amount"
        placeholder="Amount"
        type="text"
        value=""
      />
      <div
        class="react-date-picker react-date-picker--closed react-date-picker--enabled"
      >
        <div
          class="react-date-picker__wrapper"
        >
          <div
            class="react-date-picker__inputGroup"
          >
            <input
              max="275760-09-13"
              min="0001-01-01"
              name="date"
              style="visibility: hidden; position: absolute; z-index: -999;"
              type="date"
              value="2022-07-05"
            />
            <input
              autocomplete="off"
              class="react-date-picker__inputGroup__input react-date-picker__inputGroup__month"
              data-input="true"
              inputmode="numeric"
              max="12"
              min="1"
              name="month"
              placeholder="--"
              style="width: 1px;"
              type="number"
              value="7"
            />
            <span
              class="react-date-picker__inputGroup__divider"
            >
              /
            </span>
            <input
              autocomplete="off"
              class="react-date-picker__inputGroup__input react-date-picker__inputGroup__day"
              data-input="true"
              inputmode="numeric"
              max="31"
              min="1"
              name="day"
              placeholder="--"
              style="width: 1px;"
              type="number"
              value="5"
            />
            <span
              class="react-date-picker__inputGroup__divider"
            >
              /
            </span>
            <input
              autocomplete="off"
              class="react-date-picker__inputGroup__input react-date-picker__inputGroup__year"
              data-input="true"
              inputmode="numeric"
              max="275760"
              min="1"
              name="year"
              placeholder="----"
              step="1"
              style="width: 4px;"
              type="number"
              value="2022"
            />
          </div>
          <button
            class="react-date-picker__clear-button react-date-picker__button"
            type="button"
          >
            <svg
              class="react-date-picker__clear-button__icon react-date-picker__button__icon"
              height="19"
              stroke="black"
              stroke-width="2"
              viewBox="0 0 19 19"
              width="19"
              xmlns="http://www.w3.org/2000/svg"
            >
              <line
                x1="4"
                x2="15"
                y1="4"
                y2="15"
              />
              <line
                x1="15"
                x2="4"
                y1="4"
                y2="15"
              />
            </svg>
          </button>
          <button
            class="react-date-picker__calendar-button react-date-picker__button"
            type="button"
          >
            <svg
              class="react-date-picker__calendar-button__icon react-date-picker__button__icon"
              height="19"
              stroke="black"
              stroke-width="2"
              viewBox="0 0 19 19"
              width="19"
              xmlns="http://www.w3.org/2000/svg"
            >
              <rect
                fill="none"
                height="15"
                width="15"
                x="2"
                y="2"
              />
              <line
                x1="6"
                x2="6"
                y1="0"
                y2="4"
              />
              <line
                x1="13"
                x2="13"
                y1="0"
                y2="4"
              />
            </svg>
          </button>
        </div>
      </div>
      <textarea
        data-testid="note"
        placeholder="Add a note for your expense (optional)"
      />
      <button
        data-testid="submit"
      >
         Expense
      </button>
    </form>
  </div>
</DocumentFragment>
`;
