// Jest Snapshot v1, https://goo.gl/fbAQLP

exports[`Should render Header correctly 1`] = `
<header>
  <h1>
    Expensify
  </h1>
  <Nav />
</header>
`;

exports[`Should render Nav correctly 1`] = `
<nav>
  <NavLink
    className={[Function]}
    to="/"
  >
    Dashboard
  </NavLink>
  <NavLink
    className={[Function]}
    to="/create"
  >
    Add Expense
  </NavLink>
  <NavLink
    className={[Function]}
    to="/edit"
  >
    Edit Expense
  </NavLink>
  <NavLink
    className={[Function]}
    to="/help"
  >
    Help
  </NavLink>
</nav>
`;
